Analysis & Synthesis report for BIP_CORE
Tue Jul 26 01:26:13 2022
Quartus Prime Version 21.1.0 Build 842 10/21/2021 SJ Lite Edition


---------------------
; Table of Contents ;
---------------------
  1. Legal Notice
  2. Analysis & Synthesis Summary
  3. Analysis & Synthesis Settings
  4. Parallel Compilation
  5. Analysis & Synthesis Source Files Read
  6. Analysis & Synthesis Resource Usage Summary
  7. Analysis & Synthesis Resource Utilization by Entity
  8. General Register Statistics
  9. Multiplexer Restructuring Statistics (Restructuring Performed)
 10. Parameter Settings for User Entity Instance: Top-level Entity: |BIP_CORE
 11. Parameter Settings for User Entity Instance: CAMINHO_CONTROLE:cam_controle
 12. Parameter Settings for User Entity Instance: CAMINHO_CONTROLE:cam_controle|ADDRESS_COUNTER:add_counter
 13. Parameter Settings for User Entity Instance: CAMINHO_DADOS:cam_dados
 14. Parameter Settings for User Entity Instance: CAMINHO_DADOS:cam_dados|ALU:uni_logica_arit
 15. Parameter Settings for User Entity Instance: CAMINHO_DADOS:cam_dados|ACC:acumulador
 16. Parameter Settings for User Entity Instance: CAMINHO_DADOS:cam_dados|INSTRUCTION_REGISTER:registrador_instrucao
 17. Port Connectivity Checks: "CAMINHO_CONTROLE:cam_controle"
 18. Post-Synthesis Netlist Statistics for Top Partition
 19. Elapsed Time Per Partition
 20. Analysis & Synthesis Messages



----------------
; Legal Notice ;
----------------
Copyright (C) 2021  Intel Corporation. All rights reserved.
Your use of Intel Corporation's design tools, logic functions 
and other software and tools, and any partner logic 
functions, and any output files from any of the foregoing 
(including device programming or simulation files), and any 
associated documentation or information are expressly subject 
to the terms and conditions of the Intel Program License 
Subscription Agreement, the Intel Quartus Prime License Agreement,
the Intel FPGA IP License Agreement, or other applicable license
agreement, including, without limitation, that your use is for
the sole purpose of programming logic devices manufactured by
Intel and sold by Intel or its authorized distributors.  Please
refer to the applicable agreement for further details, at
https://fpgasoftware.intel.com/eula.



+----------------------------------------------------------------------------------+
; Analysis & Synthesis Summary                                                     ;
+------------------------------------+---------------------------------------------+
; Analysis & Synthesis Status        ; Successful - Tue Jul 26 01:26:13 2022       ;
; Quartus Prime Version              ; 21.1.0 Build 842 10/21/2021 SJ Lite Edition ;
; Revision Name                      ; BIP_CORE                                    ;
; Top-level Entity Name              ; BIP_CORE                                    ;
; Family                             ; MAX 10                                      ;
; Total logic elements               ; 81                                          ;
;     Total combinational functions  ; 81                                          ;
;     Dedicated logic registers      ; 28                                          ;
; Total registers                    ; 28                                          ;
; Total pins                         ; 102                                         ;
; Total virtual pins                 ; 0                                           ;
; Total memory bits                  ; 0                                           ;
; Embedded Multiplier 9-bit elements ; 0                                           ;
; Total PLLs                         ; 0                                           ;
; UFM blocks                         ; 0                                           ;
; ADC blocks                         ; 0                                           ;
+------------------------------------+---------------------------------------------+


+------------------------------------------------------------------------------------------------------------+
; Analysis & Synthesis Settings                                                                              ;
+------------------------------------------------------------------+--------------------+--------------------+
; Option                                                           ; Setting            ; Default Value      ;
+------------------------------------------------------------------+--------------------+--------------------+
; Device                                                           ; 10M50DAF484C7G     ;                    ;
; Top-level entity name                                            ; BIP_CORE           ; BIP_CORE           ;
; Family name                                                      ; MAX 10             ; Cyclone V          ;
; Use smart compilation                                            ; Off                ; Off                ;
; Enable parallel Assembler and Timing Analyzer during compilation ; On                 ; On                 ;
; Enable compact report table                                      ; Off                ; Off                ;
; Restructure Multiplexers                                         ; Auto               ; Auto               ;
; Create Debugging Nodes for IP Cores                              ; Off                ; Off                ;
; Preserve fewer node names                                        ; On                 ; On                 ;
; Intel FPGA IP Evaluation Mode                                    ; Enable             ; Enable             ;
; Verilog Version                                                  ; Verilog_2001       ; Verilog_2001       ;
; VHDL Version                                                     ; VHDL_1993          ; VHDL_1993          ;
; State Machine Processing                                         ; Auto               ; Auto               ;
; Safe State Machine                                               ; Off                ; Off                ;
; Extract Verilog State Machines                                   ; On                 ; On                 ;
; Extract VHDL State Machines                                      ; On                 ; On                 ;
; Ignore Verilog initial constructs                                ; Off                ; Off                ;
; Iteration limit for constant Verilog loops                       ; 5000               ; 5000               ;
; Iteration limit for non-constant Verilog loops                   ; 250                ; 250                ;
; Add Pass-Through Logic to Inferred RAMs                          ; On                 ; On                 ;
; Infer RAMs from Raw Logic                                        ; On                 ; On                 ;
; Parallel Synthesis                                               ; On                 ; On                 ;
; DSP Block Balancing                                              ; Auto               ; Auto               ;
; NOT Gate Push-Back                                               ; On                 ; On                 ;
; Power-Up Don't Care                                              ; On                 ; On                 ;
; Remove Redundant Logic Cells                                     ; Off                ; Off                ;
; Remove Duplicate Registers                                       ; On                 ; On                 ;
; Ignore CARRY Buffers                                             ; Off                ; Off                ;
; Ignore CASCADE Buffers                                           ; Off                ; Off                ;
; Ignore GLOBAL Buffers                                            ; Off                ; Off                ;
; Ignore ROW GLOBAL Buffers                                        ; Off                ; Off                ;
; Ignore LCELL Buffers                                             ; Off                ; Off                ;
; Ignore SOFT Buffers                                              ; On                 ; On                 ;
; Limit AHDL Integers to 32 Bits                                   ; Off                ; Off                ;
; Optimization Technique                                           ; Balanced           ; Balanced           ;
; Carry Chain Length                                               ; 70                 ; 70                 ;
; Auto Carry Chains                                                ; On                 ; On                 ;
; Auto Open-Drain Pins                                             ; On                 ; On                 ;
; Perform WYSIWYG Primitive Resynthesis                            ; Off                ; Off                ;
; Auto ROM Replacement                                             ; On                 ; On                 ;
; Auto RAM Replacement                                             ; On                 ; On                 ;
; Auto DSP Block Replacement                                       ; On                 ; On                 ;
; Auto Shift Register Replacement                                  ; Auto               ; Auto               ;
; Allow Shift Register Merging across Hierarchies                  ; Auto               ; Auto               ;
; Auto Clock Enable Replacement                                    ; On                 ; On                 ;
; Strict RAM Replacement                                           ; Off                ; Off                ;
; Allow Synchronous Control Signals                                ; On                 ; On                 ;
; Force Use of Synchronous Clear Signals                           ; Off                ; Off                ;
; Auto RAM Block Balancing                                         ; On                 ; On                 ;
; Auto RAM to Logic Cell Conversion                                ; Off                ; Off                ;
; Auto Resource Sharing                                            ; Off                ; Off                ;
; Allow Any RAM Size For Recognition                               ; Off                ; Off                ;
; Allow Any ROM Size For Recognition                               ; Off                ; Off                ;
; Allow Any Shift Register Size For Recognition                    ; Off                ; Off                ;
; Use LogicLock Constraints during Resource Balancing              ; On                 ; On                 ;
; Ignore translate_off and synthesis_off directives                ; Off                ; Off                ;
; Timing-Driven Synthesis                                          ; On                 ; On                 ;
; Report Parameter Settings                                        ; On                 ; On                 ;
; Report Source Assignments                                        ; On                 ; On                 ;
; Report Connectivity Checks                                       ; On                 ; On                 ;
; Ignore Maximum Fan-Out Assignments                               ; Off                ; Off                ;
; Synchronization Register Chain Length                            ; 2                  ; 2                  ;
; Power Optimization During Synthesis                              ; Normal compilation ; Normal compilation ;
; HDL message level                                                ; Level2             ; Level2             ;
; Suppress Register Optimization Related Messages                  ; Off                ; Off                ;
; Number of Removed Registers Reported in Synthesis Report         ; 5000               ; 5000               ;
; Number of Swept Nodes Reported in Synthesis Report               ; 5000               ; 5000               ;
; Number of Inverted Registers Reported in Synthesis Report        ; 100                ; 100                ;
; Clock MUX Protection                                             ; On                 ; On                 ;
; Auto Gated Clock Conversion                                      ; Off                ; Off                ;
; Block Design Naming                                              ; Auto               ; Auto               ;
; SDC constraint protection                                        ; Off                ; Off                ;
; Synthesis Effort                                                 ; Auto               ; Auto               ;
; Shift Register Replacement - Allow Asynchronous Clear Signal     ; On                 ; On                 ;
; Pre-Mapping Resynthesis Optimization                             ; Off                ; Off                ;
; Analysis & Synthesis Message Level                               ; Medium             ; Medium             ;
; Disable Register Merging Across Hierarchies                      ; Auto               ; Auto               ;
; Resource Aware Inference For Block RAM                           ; On                 ; On                 ;
+------------------------------------------------------------------+--------------------+--------------------+


+------------------------------------------+
; Parallel Compilation                     ;
+----------------------------+-------------+
; Processors                 ; Number      ;
+----------------------------+-------------+
; Number detected on machine ; 8           ;
; Maximum allowed            ; 4           ;
;                            ;             ;
; Average used               ; 1.00        ;
; Maximum used               ; 4           ;
;                            ;             ;
; Usage by Processor         ; % Time Used ;
;     Processor 1            ; 100.0%      ;
;     Processors 2-4         ;   0.0%      ;
+----------------------------+-------------+


+-------------------------------------------------------------------------------------------------------------------------------------------------------------------------------------------------------------------------------------------------+
; Analysis & Synthesis Source Files Read                                                                                                                                                                                                          ;
+--------------------------------------------------------------+-----------------+-----------------+------------------------------------------------------------------------------------------------------------------------------------+---------+
; File Name with User-Entered Path                             ; Used in Netlist ; File Type       ; File Name with Absolute Path                                                                                                       ; Library ;
+--------------------------------------------------------------+-----------------+-----------------+------------------------------------------------------------------------------------------------------------------------------------+---------+
; Caminho_Dados/registrador_instrucao/INSTRUCTION_REGISTER.vhd ; yes             ; User VHDL File  ; E:/Projetos/UFSC/Aulas/Linguagem_E_Descricao_De_Hardware/BIP/BIP_CORE/Caminho_Dados/registrador_instrucao/INSTRUCTION_REGISTER.vhd ;         ;
; Caminho_Dados/ALU/ALU.vhd                                    ; yes             ; User VHDL File  ; E:/Projetos/UFSC/Aulas/Linguagem_E_Descricao_De_Hardware/BIP/BIP_CORE/Caminho_Dados/ALU/ALU.vhd                                    ;         ;
; Caminho_Dados/acumulador/ACC.vhd                             ; yes             ; User VHDL File  ; E:/Projetos/UFSC/Aulas/Linguagem_E_Descricao_De_Hardware/BIP/BIP_CORE/Caminho_Dados/acumulador/ACC.vhd                             ;         ;
; Caminho_Controle/Logica_Controle/LOGICA_CONTROLE.vhd         ; yes             ; User VHDL File  ; E:/Projetos/UFSC/Aulas/Linguagem_E_Descricao_De_Hardware/BIP/BIP_CORE/Caminho_Controle/Logica_Controle/LOGICA_CONTROLE.vhd         ;         ;
; Caminho_Controle/Address_Counter/ADDRESS_COUNTER.vhd         ; yes             ; User VHDL File  ; E:/Projetos/UFSC/Aulas/Linguagem_E_Descricao_De_Hardware/BIP/BIP_CORE/Caminho_Controle/Address_Counter/ADDRESS_COUNTER.vhd         ;         ;
; Caminho_Dados/CAMINHO_DADOS.vhd                              ; yes             ; User VHDL File  ; E:/Projetos/UFSC/Aulas/Linguagem_E_Descricao_De_Hardware/BIP/BIP_CORE/Caminho_Dados/CAMINHO_DADOS.vhd                              ;         ;
; Caminho_Controle/CAMINHO_CONTROLE.vhd                        ; yes             ; User VHDL File  ; E:/Projetos/UFSC/Aulas/Linguagem_E_Descricao_De_Hardware/BIP/BIP_CORE/Caminho_Controle/CAMINHO_CONTROLE.vhd                        ;         ;
; BIP_CORE.vhd                                                 ; yes             ; User VHDL File  ; E:/Projetos/UFSC/Aulas/Linguagem_E_Descricao_De_Hardware/BIP/BIP_CORE/BIP_CORE.vhd                                                 ;         ;
+--------------------------------------------------------------+-----------------+-----------------+------------------------------------------------------------------------------------------------------------------------------------+---------+


+-----------------------------------------------------------+
; Analysis & Synthesis Resource Usage Summary               ;
+---------------------------------------------+-------------+
; Resource                                    ; Usage       ;
+---------------------------------------------+-------------+
; Estimated Total logic elements              ; 81          ;
;                                             ;             ;
; Total combinational functions               ; 81          ;
; Logic element usage by number of LUT inputs ;             ;
;     -- 4 input functions                    ; 48          ;
;     -- 3 input functions                    ; 19          ;
;     -- <=2 input functions                  ; 14          ;
;                                             ;             ;
; Logic elements by mode                      ;             ;
;     -- normal mode                          ; 55          ;
;     -- arithmetic mode                      ; 26          ;
;                                             ;             ;
; Total registers                             ; 28          ;
;     -- Dedicated logic registers            ; 28          ;
;     -- I/O registers                        ; 0           ;
;                                             ;             ;
; I/O pins                                    ; 102         ;
;                                             ;             ;
; Embedded Multiplier 9-bit elements          ; 0           ;
;                                             ;             ;
; Maximum fan-out node                        ; i_clk~input ;
; Maximum fan-out                             ; 28          ;
; Total fan-out                               ; 545         ;
; Average fan-out                             ; 1.74        ;
+---------------------------------------------+-------------+


+----------------------------------------------------------------------------------------------------------------------------------------------------------------------------------------------------------------------------------------------------------------------------------------------------+
; Analysis & Synthesis Resource Utilization by Entity                                                                                                                                                                                                                                                ;
+--------------------------------------+---------------------+---------------------------+-------------+------------+--------------+---------+-----------+------+--------------+------------+----------------------------------------------------------------------+------------------+--------------+
; Compilation Hierarchy Node           ; Combinational ALUTs ; Dedicated Logic Registers ; Memory Bits ; UFM Blocks ; DSP Elements ; DSP 9x9 ; DSP 18x18 ; Pins ; Virtual Pins ; ADC blocks ; Full Hierarchy Name                                                  ; Entity Name      ; Library Name ;
+--------------------------------------+---------------------+---------------------------+-------------+------------+--------------+---------+-----------+------+--------------+------------+----------------------------------------------------------------------+------------------+--------------+
; |BIP_CORE                            ; 81 (0)              ; 28 (0)                    ; 0           ; 0          ; 0            ; 0       ; 0         ; 102  ; 0            ; 0          ; |BIP_CORE                                                            ; BIP_CORE         ; work         ;
;    |CAMINHO_CONTROLE:cam_controle|   ; 18 (0)              ; 12 (0)                    ; 0           ; 0          ; 0            ; 0       ; 0         ; 0    ; 0            ; 0          ; |BIP_CORE|CAMINHO_CONTROLE:cam_controle                              ; CAMINHO_CONTROLE ; work         ;
;       |ADDRESS_COUNTER:add_counter|  ; 12 (12)             ; 12 (12)                   ; 0           ; 0          ; 0            ; 0       ; 0         ; 0    ; 0            ; 0          ; |BIP_CORE|CAMINHO_CONTROLE:cam_controle|ADDRESS_COUNTER:add_counter  ; ADDRESS_COUNTER  ; work         ;
;       |LOGICA_CONTROLE:log_controle| ; 6 (6)               ; 0 (0)                     ; 0           ; 0          ; 0            ; 0       ; 0         ; 0    ; 0            ; 0          ; |BIP_CORE|CAMINHO_CONTROLE:cam_controle|LOGICA_CONTROLE:log_controle ; LOGICA_CONTROLE  ; work         ;
;    |CAMINHO_DADOS:cam_dados|         ; 63 (30)             ; 16 (0)                    ; 0           ; 0          ; 0            ; 0       ; 0         ; 0    ; 0            ; 0          ; |BIP_CORE|CAMINHO_DADOS:cam_dados                                    ; CAMINHO_DADOS    ; work         ;
;       |ACC:acumulador|               ; 0 (0)               ; 16 (16)                   ; 0           ; 0          ; 0            ; 0       ; 0         ; 0    ; 0            ; 0          ; |BIP_CORE|CAMINHO_DADOS:cam_dados|ACC:acumulador                     ; ACC              ; work         ;
;       |ALU:uni_logica_arit|          ; 33 (33)             ; 0 (0)                     ; 0           ; 0          ; 0            ; 0       ; 0         ; 0    ; 0            ; 0          ; |BIP_CORE|CAMINHO_DADOS:cam_dados|ALU:uni_logica_arit                ; ALU              ; work         ;
+--------------------------------------+---------------------+---------------------------+-------------+------------+--------------+---------+-----------+------+--------------+------------+----------------------------------------------------------------------+------------------+--------------+
Note: For table entries with two numbers listed, the numbers in parentheses indicate the number of resources of the given type used by the specific entity alone. The numbers listed outside of parentheses indicate the total resources of the given type used by the specific entity and all of its sub-entities in the hierarchy.


+------------------------------------------------------+
; General Register Statistics                          ;
+----------------------------------------------+-------+
; Statistic                                    ; Value ;
+----------------------------------------------+-------+
; Total registers                              ; 28    ;
; Number of registers using Synchronous Clear  ; 0     ;
; Number of registers using Synchronous Load   ; 0     ;
; Number of registers using Asynchronous Clear ; 28    ;
; Number of registers using Asynchronous Load  ; 0     ;
; Number of registers using Clock Enable       ; 27    ;
; Number of registers using Preset             ; 0     ;
+----------------------------------------------+-------+


+---------------------------------------------------------------------------------------------------------------------------------------------------------------------------+
; Multiplexer Restructuring Statistics (Restructuring Performed)                                                                                                            ;
+--------------------+-----------+---------------+----------------------+------------------------+------------+-------------------------------------------------------------+
; Multiplexer Inputs ; Bus Width ; Baseline Area ; Area if Restructured ; Saving if Restructured ; Registered ; Example Multiplexer Output                                  ;
+--------------------+-----------+---------------+----------------------+------------------------+------------+-------------------------------------------------------------+
; 4:1                ; 4 bits    ; 8 LEs         ; 8 LEs                ; 0 LEs                  ; Yes        ; |BIP_CORE|CAMINHO_DADOS:cam_dados|ACC:acumulador|o_DATA[12] ;
; 4:1                ; 12 bits   ; 24 LEs        ; 24 LEs               ; 0 LEs                  ; Yes        ; |BIP_CORE|CAMINHO_DADOS:cam_dados|ACC:acumulador|o_DATA[0]  ;
; 4:1                ; 12 bits   ; 24 LEs        ; 24 LEs               ; 0 LEs                  ; No         ; |BIP_CORE|CAMINHO_DADOS:cam_dados|ALU:uni_logica_arit|Add0  ;
+--------------------+-----------+---------------+----------------------+------------------------+------------+-------------------------------------------------------------+


+--------------------------------------------------------------------------+
; Parameter Settings for User Entity Instance: Top-level Entity: |BIP_CORE ;
+-----------------+-------+------------------------------------------------+
; Parameter Name  ; Value ; Type                                           ;
+-----------------+-------+------------------------------------------------+
; p_address_width ; 12    ; Signed Integer                                 ;
; p_data_width    ; 16    ; Signed Integer                                 ;
+-----------------+-------+------------------------------------------------+
Note: In order to hide this table in the UI and the text report file, please set the "Show Parameter Settings in Synthesis Report" option in "Analysis and Synthesis Settings -> More Settings" to "Off".


+----------------------------------------------------------------------------+
; Parameter Settings for User Entity Instance: CAMINHO_CONTROLE:cam_controle ;
+-----------------+-------+--------------------------------------------------+
; Parameter Name  ; Value ; Type                                             ;
+-----------------+-------+--------------------------------------------------+
; p_data_width    ; 16    ; Signed Integer                                   ;
; p_address_width ; 12    ; Signed Integer                                   ;
+-----------------+-------+--------------------------------------------------+
Note: In order to hide this table in the UI and the text report file, please set the "Show Parameter Settings in Synthesis Report" option in "Analysis and Synthesis Settings -> More Settings" to "Off".


+--------------------------------------------------------------------------------------------------------+
; Parameter Settings for User Entity Instance: CAMINHO_CONTROLE:cam_controle|ADDRESS_COUNTER:add_counter ;
+-----------------+-------+------------------------------------------------------------------------------+
; Parameter Name  ; Value ; Type                                                                         ;
+-----------------+-------+------------------------------------------------------------------------------+
; p_data_width    ; 16    ; Signed Integer                                                               ;
; p_address_width ; 12    ; Signed Integer                                                               ;
+-----------------+-------+------------------------------------------------------------------------------+
Note: In order to hide this table in the UI and the text report file, please set the "Show Parameter Settings in Synthesis Report" option in "Analysis and Synthesis Settings -> More Settings" to "Off".


+----------------------------------------------------------------------+
; Parameter Settings for User Entity Instance: CAMINHO_DADOS:cam_dados ;
+-----------------+-------+--------------------------------------------+
; Parameter Name  ; Value ; Type                                       ;
+-----------------+-------+--------------------------------------------+
; p_data_width    ; 16    ; Signed Integer                             ;
; p_address_width ; 12    ; Signed Integer                             ;
+-----------------+-------+--------------------------------------------+
Note: In order to hide this table in the UI and the text report file, please set the "Show Parameter Settings in Synthesis Report" option in "Analysis and Synthesis Settings -> More Settings" to "Off".


+------------------------------------------------------------------------------------------+
; Parameter Settings for User Entity Instance: CAMINHO_DADOS:cam_dados|ALU:uni_logica_arit ;
+----------------+-------+-----------------------------------------------------------------+
; Parameter Name ; Value ; Type                                                            ;
+----------------+-------+-----------------------------------------------------------------+
; p_data_width   ; 16    ; Signed Integer                                                  ;
+----------------+-------+-----------------------------------------------------------------+
Note: In order to hide this table in the UI and the text report file, please set the "Show Parameter Settings in Synthesis Report" option in "Analysis and Synthesis Settings -> More Settings" to "Off".


+-------------------------------------------------------------------------------------+
; Parameter Settings for User Entity Instance: CAMINHO_DADOS:cam_dados|ACC:acumulador ;
+----------------+-------+------------------------------------------------------------+
; Parameter Name ; Value ; Type                                                       ;
+----------------+-------+------------------------------------------------------------+
; p_data_width   ; 16    ; Signed Integer                                             ;
+----------------+-------+------------------------------------------------------------+
Note: In order to hide this table in the UI and the text report file, please set the "Show Parameter Settings in Synthesis Report" option in "Analysis and Synthesis Settings -> More Settings" to "Off".


+-----------------------------------------------------------------------------------------------------------------+
; Parameter Settings for User Entity Instance: CAMINHO_DADOS:cam_dados|INSTRUCTION_REGISTER:registrador_instrucao ;
+----------------+-------+----------------------------------------------------------------------------------------+
; Parameter Name ; Value ; Type                                                                                   ;
+----------------+-------+----------------------------------------------------------------------------------------+
; p_data_width   ; 16    ; Signed Integer                                                                         ;
; p_add_width    ; 12    ; Signed Integer                                                                         ;
+----------------+-------+----------------------------------------------------------------------------------------+
Note: In order to hide this table in the UI and the text report file, please set the "Show Parameter Settings in Synthesis Report" option in "Analysis and Synthesis Settings -> More Settings" to "Off".


+--------------------------------------------------------------------------------------------------------------------+
; Port Connectivity Checks: "CAMINHO_CONTROLE:cam_controle"                                                          ;
+----------+--------+----------+-------------------------------------------------------------------------------------+
; Port     ; Type   ; Severity ; Details                                                                             ;
+----------+--------+----------+-------------------------------------------------------------------------------------+
; o_en_ram ; Output ; Info     ; Connected to dangling logic. Logic that only feeds a dangling port will be removed. ;
; o_wr_ram ; Output ; Info     ; Connected to dangling logic. Logic that only feeds a dangling port will be removed. ;
; o_en_rom ; Output ; Info     ; Connected to dangling logic. Logic that only feeds a dangling port will be removed. ;
+----------+--------+----------+-------------------------------------------------------------------------------------+


+-----------------------------------------------------+
; Post-Synthesis Netlist Statistics for Top Partition ;
+-----------------------+-----------------------------+
; Type                  ; Count                       ;
+-----------------------+-----------------------------+
; boundary_port         ; 102                         ;
; cycloneiii_ff         ; 28                          ;
;     CLR               ; 1                           ;
;     ENA CLR           ; 27                          ;
; cycloneiii_lcell_comb ; 81                          ;
;     arith             ; 26                          ;
;         2 data inputs ; 9                           ;
;         3 data inputs ; 17                          ;
;     normal            ; 55                          ;
;         1 data inputs ; 1                           ;
;         2 data inputs ; 4                           ;
;         3 data inputs ; 2                           ;
;         4 data inputs ; 48                          ;
;                       ;                             ;
; Max LUT depth         ; 6.00                        ;
; Average LUT depth     ; 3.58                        ;
+-----------------------+-----------------------------+


+-------------------------------+
; Elapsed Time Per Partition    ;
+----------------+--------------+
; Partition Name ; Elapsed Time ;
+----------------+--------------+
; Top            ; 00:00:01     ;
+----------------+--------------+


+-------------------------------+
; Analysis & Synthesis Messages ;
+-------------------------------+
Info: *******************************************************************
Info: Running Quartus Prime Analysis & Synthesis
    Info: Version 21.1.0 Build 842 10/21/2021 SJ Lite Edition
    Info: Processing started: Tue Jul 26 01:25:51 2022
Info: Command: quartus_map --read_settings_files=on --write_settings_files=off BIP_CORE -c BIP_CORE
Warning (18236): Number of processors has not been specified which may cause overloading on shared machines.  Set the global assignment NUM_PARALLEL_PROCESSORS in your QSF to an appropriate value for best performance.
Info (20030): Parallel compilation is enabled and will use 4 of the 4 processors detected
Info (12021): Found 2 design units, including 1 entities, in source file caminho_dados/registrador_instrucao/instruction_register.vhd
    Info (12022): Found design unit 1: INSTRUCTION_REGISTER-behavior File: E:/Projetos/UFSC/Aulas/Linguagem_E_Descricao_De_Hardware/BIP/BIP_CORE/Caminho_Dados/registrador_instrucao/INSTRUCTION_REGISTER.vhd Line: 18
    Info (12023): Found entity 1: INSTRUCTION_REGISTER File: E:/Projetos/UFSC/Aulas/Linguagem_E_Descricao_De_Hardware/BIP/BIP_CORE/Caminho_Dados/registrador_instrucao/INSTRUCTION_REGISTER.vhd Line: 6
Info (12021): Found 2 design units, including 1 entities, in source file caminho_dados/alu/alu.vhd
    Info (12022): Found design unit 1: ALU-behavior File: E:/Projetos/UFSC/Aulas/Linguagem_E_Descricao_De_Hardware/BIP/BIP_CORE/Caminho_Dados/ALU/ALU.vhd Line: 19
    Info (12023): Found entity 1: ALU File: E:/Projetos/UFSC/Aulas/Linguagem_E_Descricao_De_Hardware/BIP/BIP_CORE/Caminho_Dados/ALU/ALU.vhd Line: 6
Info (12021): Found 2 design units, including 1 entities, in source file caminho_dados/acumulador/acc.vhd
    Info (12022): Found design unit 1: ACC-behavior File: E:/Projetos/UFSC/Aulas/Linguagem_E_Descricao_De_Hardware/BIP/BIP_CORE/Caminho_Dados/acumulador/ACC.vhd Line: 19
    Info (12023): Found entity 1: ACC File: E:/Projetos/UFSC/Aulas/Linguagem_E_Descricao_De_Hardware/BIP/BIP_CORE/Caminho_Dados/acumulador/ACC.vhd Line: 6
Info (12021): Found 2 design units, including 1 entities, in source file caminho_controle/logica_controle/logica_controle.vhd
    Info (12022): Found design unit 1: LOGICA_CONTROLE-behavior File: E:/Projetos/UFSC/Aulas/Linguagem_E_Descricao_De_Hardware/BIP/BIP_CORE/Caminho_Controle/Logica_Controle/LOGICA_CONTROLE.vhd Line: 19
    Info (12023): Found entity 1: LOGICA_CONTROLE File: E:/Projetos/UFSC/Aulas/Linguagem_E_Descricao_De_Hardware/BIP/BIP_CORE/Caminho_Controle/Logica_Controle/LOGICA_CONTROLE.vhd Line: 6
Info (12021): Found 2 design units, including 1 entities, in source file caminho_controle/address_counter/address_counter.vhd
    Info (12022): Found design unit 1: ADDRESS_COUNTER-behavior File: E:/Projetos/UFSC/Aulas/Linguagem_E_Descricao_De_Hardware/BIP/BIP_CORE/Caminho_Controle/Address_Counter/ADDRESS_COUNTER.vhd Line: 19
    Info (12023): Found entity 1: ADDRESS_COUNTER File: E:/Projetos/UFSC/Aulas/Linguagem_E_Descricao_De_Hardware/BIP/BIP_CORE/Caminho_Controle/Address_Counter/ADDRESS_COUNTER.vhd Line: 6
Info (12021): Found 2 design units, including 1 entities, in source file caminho_dados/caminho_dados.vhd
    Info (12022): Found design unit 1: CAMINHO_DADOS-behavior File: E:/Projetos/UFSC/Aulas/Linguagem_E_Descricao_De_Hardware/BIP/BIP_CORE/Caminho_Dados/CAMINHO_DADOS.vhd Line: 27
    Info (12023): Found entity 1: CAMINHO_DADOS File: E:/Projetos/UFSC/Aulas/Linguagem_E_Descricao_De_Hardware/BIP/BIP_CORE/Caminho_Dados/CAMINHO_DADOS.vhd Line: 6
Info (12021): Found 2 design units, including 1 entities, in source file caminho_controle/caminho_controle.vhd
    Info (12022): Found design unit 1: CAMINHO_CONTROLE-behavior File: E:/Projetos/UFSC/Aulas/Linguagem_E_Descricao_De_Hardware/BIP/BIP_CORE/Caminho_Controle/CAMINHO_CONTROLE.vhd Line: 25
    Info (12023): Found entity 1: CAMINHO_CONTROLE File: E:/Projetos/UFSC/Aulas/Linguagem_E_Descricao_De_Hardware/BIP/BIP_CORE/Caminho_Controle/CAMINHO_CONTROLE.vhd Line: 6
Info (12021): Found 2 design units, including 1 entities, in source file bip_core.vhd
    Info (12022): Found design unit 1: BIP_CORE-behavior File: E:/Projetos/UFSC/Aulas/Linguagem_E_Descricao_De_Hardware/BIP/BIP_CORE/BIP_CORE.vhd Line: 23
    Info (12023): Found entity 1: BIP_CORE File: E:/Projetos/UFSC/Aulas/Linguagem_E_Descricao_De_Hardware/BIP/BIP_CORE/BIP_CORE.vhd Line: 6
Info (12021): Found 2 design units, including 1 entities, in source file tb_bip_core.vhd
    Info (12022): Found design unit 1: TB_BIP_CORE-behavioral File: E:/Projetos/UFSC/Aulas/Linguagem_E_Descricao_De_Hardware/BIP/BIP_CORE/TB_BIP_CORE.vhd Line: 13
    Info (12023): Found entity 1: TB_BIP_CORE File: E:/Projetos/UFSC/Aulas/Linguagem_E_Descricao_De_Hardware/BIP/BIP_CORE/TB_BIP_CORE.vhd Line: 6
Info (12127): Elaborating entity "BIP_CORE" for the top level hierarchy
Warning (10036): Verilog HDL or VHDL warning at BIP_CORE.vhd(29): object "w_en_ram" assigned a value but never read File: E:/Projetos/UFSC/Aulas/Linguagem_E_Descricao_De_Hardware/BIP/BIP_CORE/BIP_CORE.vhd Line: 29
Warning (10036): Verilog HDL or VHDL warning at BIP_CORE.vhd(30): object "w_wr_ram" assigned a value but never read File: E:/Projetos/UFSC/Aulas/Linguagem_E_Descricao_De_Hardware/BIP/BIP_CORE/BIP_CORE.vhd Line: 30
Warning (10036): Verilog HDL or VHDL warning at BIP_CORE.vhd(31): object "w_en_rom" assigned a value but never read File: E:/Projetos/UFSC/Aulas/Linguagem_E_Descricao_De_Hardware/BIP/BIP_CORE/BIP_CORE.vhd Line: 31
Info (12128): Elaborating entity "CAMINHO_CONTROLE" for hierarchy "CAMINHO_CONTROLE:cam_controle" File: E:/Projetos/UFSC/Aulas/Linguagem_E_Descricao_De_Hardware/BIP/BIP_CORE/BIP_CORE.vhd Line: 73
Info (12128): Elaborating entity "ADDRESS_COUNTER" for hierarchy "CAMINHO_CONTROLE:cam_controle|ADDRESS_COUNTER:add_counter" File: E:/Projetos/UFSC/Aulas/Linguagem_E_Descricao_De_Hardware/BIP/BIP_CORE/Caminho_Controle/CAMINHO_CONTROLE.vhd Line: 50
Warning (10492): VHDL Process Statement warning at ADDRESS_COUNTER.vhd(24): signal "i_rst" is read inside the Process Statement but isn't in the Process Statement's sensitivity list File: E:/Projetos/UFSC/Aulas/Linguagem_E_Descricao_De_Hardware/BIP/BIP_CORE/Caminho_Controle/Address_Counter/ADDRESS_COUNTER.vhd Line: 24
Warning (10492): VHDL Process Statement warning at ADDRESS_COUNTER.vhd(26): signal "i_en_pc" is read inside the Process Statement but isn't in the Process Statement's sensitivity list File: E:/Projetos/UFSC/Aulas/Linguagem_E_Descricao_De_Hardware/BIP/BIP_CORE/Caminho_Controle/Address_Counter/ADDRESS_COUNTER.vhd Line: 26
Info (12128): Elaborating entity "LOGICA_CONTROLE" for hierarchy "CAMINHO_CONTROLE:cam_controle|LOGICA_CONTROLE:log_controle" File: E:/Projetos/UFSC/Aulas/Linguagem_E_Descricao_De_Hardware/BIP/BIP_CORE/Caminho_Controle/CAMINHO_CONTROLE.vhd Line: 57
Info (12128): Elaborating entity "CAMINHO_DADOS" for hierarchy "CAMINHO_DADOS:cam_dados" File: E:/Projetos/UFSC/Aulas/Linguagem_E_Descricao_De_Hardware/BIP/BIP_CORE/BIP_CORE.vhd Line: 88
Info (12128): Elaborating entity "ALU" for hierarchy "CAMINHO_DADOS:cam_dados|ALU:uni_logica_arit" File: E:/Projetos/UFSC/Aulas/Linguagem_E_Descricao_De_Hardware/BIP/BIP_CORE/Caminho_Dados/CAMINHO_DADOS.vhd Line: 121
Info (12128): Elaborating entity "ACC" for hierarchy "CAMINHO_DADOS:cam_dados|ACC:acumulador" File: E:/Projetos/UFSC/Aulas/Linguagem_E_Descricao_De_Hardware/BIP/BIP_CORE/Caminho_Dados/CAMINHO_DADOS.vhd Line: 130
Info (12128): Elaborating entity "INSTRUCTION_REGISTER" for hierarchy "CAMINHO_DADOS:cam_dados|INSTRUCTION_REGISTER:registrador_instrucao" File: E:/Projetos/UFSC/Aulas/Linguagem_E_Descricao_De_Hardware/BIP/BIP_CORE/Caminho_Dados/CAMINHO_DADOS.vhd Line: 140
Info (286030): Timing-Driven Synthesis is running
Info (16010): Generating hard_block partition "hard_block:auto_generated_inst"
    Info (16011): Adding 0 node(s), including 0 DDIO, 0 PLL, 0 transceiver and 0 LCELL
Info (21057): Implemented 183 device resources after synthesis - the final resource count might be different
    Info (21058): Implemented 46 input pins
    Info (21059): Implemented 56 output pins
    Info (21061): Implemented 81 logic cells
Info: Quartus Prime Analysis & Synthesis was successful. 0 errors, 6 warnings
    Info: Peak virtual memory: 4814 megabytes
    Info: Processing ended: Tue Jul 26 01:26:13 2022
    Info: Elapsed time: 00:00:22
    Info: Total CPU time (on all processors): 00:00:54


